To honour the JVM settings for this build a single-use Daemon process will be forked. For more on this, please refer to https://docs.gradle.org/8.12.1/userguide/gradle_daemon.html#sec:disabling_the_daemon in the Gradle documentation.
Daemon will be stopped at the end of the build 
Configuration on demand is an incubating feature.
Type-safe project accessors is an incubating feature.

> Configure project :shared
w: The `kotlin.mpp.androidGradlePluginCompatibility.nowarn` deprecated property is used in your build.
Please, stop using it as it is unsupported and may apply no effect to your build.


> Task :shared:checkKotlinGradlePluginConfigurationErrors SKIPPED
> Task :shared:convertXmlValueResourcesForCommonMain NO-SOURCE
> Task :shared:copyNonXmlValueResourcesForCommonMain UP-TO-DATE
> Task :shared:prepareComposeResourcesTaskForCommonMain UP-TO-DATE
> Task :shared:generateResourceAccessorsForCommonMain UP-TO-DATE
> Task :shared:convertXmlValueResourcesForDesktopMain NO-SOURCE
> Task :shared:copyNonXmlValueResourcesForDesktopMain NO-SOURCE
> Task :shared:prepareComposeResourcesTaskForDesktopMain NO-SOURCE
> Task :shared:generateResourceAccessorsForDesktopMain NO-SOURCE
> Task :shared:generateActualResourceCollectorsForDesktopMain UP-TO-DATE
> Task :shared:generateComposeResClass UP-TO-DATE
> Task :shared:generateExpectResourceCollectorsForCommonMain UP-TO-DATE
> Task :shared:assembleDesktopMainResources UP-TO-DATE
> Task :shared:desktopProcessResources UP-TO-DATE
> Task :shared:convertXmlValueResourcesForCommonTest NO-SOURCE
> Task :shared:copyNonXmlValueResourcesForCommonTest NO-SOURCE
> Task :shared:prepareComposeResourcesTaskForCommonTest NO-SOURCE
> Task :shared:generateResourceAccessorsForCommonTest NO-SOURCE
> Task :shared:convertXmlValueResourcesForDesktopTest NO-SOURCE
> Task :shared:copyNonXmlValueResourcesForDesktopTest NO-SOURCE
> Task :shared:prepareComposeResourcesTaskForDesktopTest NO-SOURCE
> Task :shared:generateResourceAccessorsForDesktopTest NO-SOURCE
> Task :shared:assembleDesktopTestResources UP-TO-DATE
> Task :shared:desktopTestProcessResources UP-TO-DATE
> Task :shared:compileKotlinDesktop
.\gradlew.bat : e: file:///C:/Users/Vistony/Documents/GitHub/Personal/portafolio_kotlin/shared/src/commonMain/kotlin/Platform.kt:3:1 Expected Platform has no actual declaration in module <shared> for JVM
En línea: 1 Carácter: 67
+ ... io_kotlin ; .\gradlew.bat :shared:desktopTest --no-daemon --console=p ...
+                 ~~~~~~~~~~~~~~~~~~~~~~~~~~~~~~~~~~~~~~~~~~~~~~~~~~~~~~~~~
    + CategoryInfo          : NotSpecified: (e: file:///C:/U...shared> for JVM:String) [], RemoteException
    + FullyQualifiedErrorId : NativeCommandError
 

> Task :shared:compileKotlinDesktop FAILED

[Incubating] Problems report is available at: file:///C:/Users/Vistony/Documents/GitHub/Personal/portafolio_kotlin/build/reports/problems/problems-report.html

FAILURE: Build failed with an exception.

* What went wrong:
Execution failed for task ':shared:compileKotlinDesktop'.
> A failure occurred while executing org.jetbrains.kotlin.compilerRunner.GradleCompilerRunnerWithWorkers$GradleKotlinCompilerWorkAction
   > Compilation error. See log for more details

* Try:
> Run with --stacktrace option to get the stack trace.
> Run with --info or --debug option to get more log output.
> Run with --scan to get full insights.
> Get more help at https://help.gradle.org.

Deprecated Gradle features were used in this build, making it incompatible with Gradle 9.0.

You can use '--warning-mode all' to show the individual deprecation warnings and determine if they come from your own scripts or plugins.

For more on this, please refer to https://docs.gradle.org/8.12.1/userguide/command_line_interface.html#sec:command_line_warnings in the Gradle documentation.

BUILD FAILED in 2m 50s
11 actionable tasks: 1 executed, 10 up-to-date
